Traceback (most recent call last):
  File "C:\Users\ancal\AppData\Local\Programs\Python\Python312\Lib\shutil.py", line 633, in _rmtree_unsafe
    os.unlink(fullname)
PermissionError: [WinError 32] The process cannot access the file because it is being used by another process: 'C:\\Users\\ancal\\AppData\\Local\\Temp\\microseed-ms2063-e2e-hierarchy-757g4hak\\biography.sqlite3'

During handling of the above exception, another exception occurred:

Traceback (most recent call last):
  File "C:\Users\ancal\AppData\Local\Programs\Python\Python312\Lib\weakref.py", line 666, in _exitfunc
    f()
  File "C:\Users\ancal\AppData\Local\Programs\Python\Python312\Lib\weakref.py", line 590, in __call__
    return info.func(*info.args, **(info.kwargs or {}))
           ^^^^^^^^^^^^^^^^^^^^^^^^^^^^^^^^^^^^^^^^^^^^
  File "C:\Users\ancal\AppData\Local\Programs\Python\Python312\Lib\tempfile.py", line 939, in _cleanup
    cls._rmtree(name, ignore_errors=ignore_errors)
  File "C:\Users\ancal\AppData\Local\Programs\Python\Python312\Lib\tempfile.py", line 934, in _rmtree
    _shutil.rmtree(name, onexc=onexc)
  File "C:\Users\ancal\AppData\Local\Programs\Python\Python312\Lib\shutil.py", line 781, in rmtree
    return _rmtree_unsafe(path, onexc)
           ^^^^^^^^^^^^^^^^^^^^^^^^^^^
  File "C:\Users\ancal\AppData\Local\Programs\Python\Python312\Lib\shutil.py", line 635, in _rmtree_unsafe
    onexc(os.unlink, fullname, err)
  File "C:\Users\ancal\AppData\Local\Programs\Python\Python312\Lib\tempfile.py", line 909, in onexc
    _os.unlink(path)
PermissionError: [WinError 32] The process cannot access the file because it is being used by another process: 'C:\\Users\\ancal\\AppData\\Local\\Temp\\microseed-ms2063-e2e-hierarchy-757g4hak\\biography.sqlite3'
