{
  "assisted_revalidation": "CURRENT_OPAQUE_EVIDENCE_ASSOCIATION",
  "earned_bounded": "DURABLE_C07_ASSOCIATION_CAN_BE_EMBODIED_AS_A_GENERIC_NATIVE_EVIDENCE_BOUND_RECORD_WITH_SELECTIVE_STALENESS_AND_RESTART_REVALIDATION_REQUIRED_WITHOUT_SEMANTIC_EXECUTION_OR_LANGUAGE_AUTHORITY",
  "initial_current": [
    "CURRENT_OPAQUE_EVIDENCE_ASSOCIATION",
    "CURRENT_OPAQUE_EVIDENCE_ASSOCIATION"
  ],
  "late_green_does_not_reactivate_stale": "STALE_OPAQUE_EVIDENCE_ASSOCIATION",
  "localized_missing_mechanism": "NATIVE_C06_B1_RELATION_CURRENTNESS_EVIDENCE_OWNER",
  "native_record_lifecycle": "PASS",
  "new_action_contracts_registered": [],
  "next": "C08B_NATIVE_C06_B1_RELATION_CURRENTNESS_OWNER_FROM_ORGANISM_OWNED_EVIDENCE_BEFORE_TOKEN_ASSOCIATION_REVALIDATION",
  "not_earned": [
    "ORGANISM_OWNED_C06_RELATION_CURRENTNESS",
    "SEMANTIC_PREDICATE",
    "TOKEN_MEANING",
    "LANGUAGE_FACULTY",
    "GENERIC_CAPABILITY",
    "EXECUTION_AUTHORITY",
    "CANON_PROMOTION"
  ],
  "reason_full_c08_not_earned": "CURRENTNESS_WITNESS_OBSERVED_RIGHT_DIGEST_IS_STILL_AUTHORED_BY_EXTERNAL_RESEARCH_HARNESS",
  "restart": {
    "drifted": "STALE_OPAQUE_EVIDENCE_ASSOCIATION",
    "nonstale": "REVALIDATION_REQUIRED_OPAQUE_EVIDENCE_ASSOCIATION"
  },
  "selective_drift": {
    "affected": "STALE_OPAQUE_EVIDENCE_ASSOCIATION",
    "unrelated": "CURRENT_OPAQUE_EVIDENCE_ASSOCIATION"
  },
  "status": "STOP_C08_PARTIAL_NATIVE_MECHANISM__FULL_CURRENTNESS_NOT_EARNED"
}
